Copyright 1986-2022 Xilinx, Inc. All Rights Reserved. Copyright 2022-2025 Advanced Micro Devices, Inc. All Rights Reserved.
---------------------------------------------------------------------------------------------------------------------------------------------------------------------------------------------------------------------------------------
| Tool Version : Vivado v.2025.1 (win64) Build 6140274 Thu May 22 00:12:29 MDT 2025
| Date         : Wed Jun 10 11:40:34 2026
| Host         : LAPTOP-9AHF2G73 running 64-bit major release  (build 9200)
| Command      : report_timing_summary -max_paths 10 -routable_nets -report_unconstrained -file DMUX_1to4_timing_summary_routed.rpt -pb DMUX_1to4_timing_summary_routed.pb -rpx DMUX_1to4_timing_summary_routed.rpx -warn_on_violation
| Design       : DMUX_1to4
| Device       : 7s50-csga324
| Speed File   : -1  PRODUCTION 1.23 2018-06-13
| Design State : Routed
---------------------------------------------------------------------------------------------------------------------------------------------------------------------------------------------------------------------------------------

Timing Summary Report

------------------------------------------------------------------------------------------------
| Timer Settings
| --------------
------------------------------------------------------------------------------------------------

  Enable Multi Corner Analysis               :  Yes
  Enable Pessimism Removal                   :  Yes
  Pessimism Removal Resolution               :  Nearest Common Node
  Enable Input Delay Default Clock           :  No
  Enable Preset / Clear Arcs                 :  No
  Disable Flight Delays                      :  No
  Ignore I/O Paths                           :  No
  Timing Early Launch at Borrowing Latches   :  No
  Borrow Time for Max Delay Exceptions       :  Yes
  Merge Timing Exceptions                    :  Yes
  Inter-SLR Compensation                     :  Conservative

  Corner  Analyze    Analyze    
  Name    Max Paths  Min Paths  
  ------  ---------  ---------  
  Slow    Yes        Yes        
  Fast    Yes        Yes        


------------------------------------------------------------------------------------------------
| Report Methodology
| ------------------
------------------------------------------------------------------------------------------------

No report available as report_methodology has not been run prior. Run report_methodology on the current design for the summary of methodology violations.



check_timing report

Table of Contents
-----------------
1. checking no_clock (0)
2. checking constant_clock (0)
3. checking pulse_width_clock (0)
4. checking unconstrained_internal_endpoints (0)
5. checking no_input_delay (0)
6. checking no_output_delay (0)
7. checking multiple_clock (0)
8. checking generated_clocks (0)
9. checking loops (0)
10. checking partial_input_delay (0)
11. checking partial_output_delay (0)
12. checking latch_loops (0)

1. checking no_clock (0)
------------------------
 There are 0 register/latch pins with no clock.


2. checking constant_clock (0)
------------------------------
 There are 0 register/latch pins with constant_clock.


3. checking pulse_width_clock (0)
---------------------------------
 There are 0 register/latch pins which need pulse_width check


4. checking unconstrained_internal_endpoints (0)
------------------------------------------------
 There are 0 pins that are not constrained for maximum delay.

 There are 0 pins that are not constrained for maximum delay due to constant clock.


5. checking no_input_delay (0)
------------------------------
 There are 0 input ports with no input delay specified.

 There are 0 input ports with no input delay but user has a false path constraint.


6. checking no_output_delay (0)
-------------------------------
 There are 0 ports with no output delay specified.

 There are 0 ports with no output delay but user has a false path constraint

 There are 0 ports with no output delay but with a timing clock defined on it or propagating through it


7. checking multiple_clock (0)
------------------------------
 There are 0 register/latch pins with multiple clocks.


8. checking generated_clocks (0)
--------------------------------
 There are 0 generated clocks that are not connected to a clock source.


9. checking loops (0)
---------------------
 There are 0 combinational loops in the design.


10. checking partial_input_delay (0)
------------------------------------
 There are 0 input ports with partial input delay specified.


11. checking partial_output_delay (0)
-------------------------------------
 There are 0 ports with partial output delay specified.


12. checking latch_loops (0)
----------------------------
 There are 0 combinational latch loops in the design through latch input



------------------------------------------------------------------------------------------------
| Design Timing Summary
| ---------------------
------------------------------------------------------------------------------------------------

    WNS(ns)      TNS(ns)  TNS Failing Endpoints  TNS Total Endpoints      WHS(ns)      THS(ns)  THS Failing Endpoints  THS Total Endpoints     WPWS(ns)     TPWS(ns)  TPWS Failing Endpoints  TPWS Total Endpoints  
    -------      -------  ---------------------  -------------------      -------      -------  ---------------------  -------------------     --------     --------  ----------------------  --------------------  
        inf        0.000                      0                    4          inf        0.000                      0                    4           NA           NA                      NA                    NA  


There are no user specified timing constraints.


------------------------------------------------------------------------------------------------
| Clock Summary
| -------------
------------------------------------------------------------------------------------------------


------------------------------------------------------------------------------------------------
| Intra Clock Table
| -----------------
------------------------------------------------------------------------------------------------

Clock             WNS(ns)      TNS(ns)  TNS Failing Endpoints  TNS Total Endpoints      WHS(ns)      THS(ns)  THS Failing Endpoints  THS Total Endpoints     WPWS(ns)     TPWS(ns)  TPWS Failing Endpoints  TPWS Total Endpoints  
-----             -------      -------  ---------------------  -------------------      -------      -------  ---------------------  -------------------     --------     --------  ----------------------  --------------------  


------------------------------------------------------------------------------------------------
| Inter Clock Table
| -----------------
------------------------------------------------------------------------------------------------

From Clock    To Clock          WNS(ns)      TNS(ns)  TNS Failing Endpoints  TNS Total Endpoints      WHS(ns)      THS(ns)  THS Failing Endpoints  THS Total Endpoints  
----------    --------          -------      -------  ---------------------  -------------------      -------      -------  ---------------------  -------------------  


------------------------------------------------------------------------------------------------
| Other Path Groups Table
| -----------------------
------------------------------------------------------------------------------------------------

Path Group    From Clock    To Clock          WNS(ns)      TNS(ns)  TNS Failing Endpoints  TNS Total Endpoints      WHS(ns)      THS(ns)  THS Failing Endpoints  THS Total Endpoints  
----------    ----------    --------          -------      -------  ---------------------  -------------------      -------      -------  ---------------------  -------------------  


------------------------------------------------------------------------------------------------
| User Ignored Path Table
| -----------------------
------------------------------------------------------------------------------------------------

Path Group    From Clock    To Clock    
----------    ----------    --------    


------------------------------------------------------------------------------------------------
| Unconstrained Path Table
| ------------------------
------------------------------------------------------------------------------------------------

Path Group    From Clock    To Clock    
----------    ----------    --------    
(none)                                    


------------------------------------------------------------------------------------------------
| Timing Details
| --------------
------------------------------------------------------------------------------------------------


--------------------------------------------------------------------------------------
Path Group:  (none)
From Clock:  
  To Clock:  

Max Delay             4 Endpoints
Min Delay             4 Endpoints
--------------------------------------------------------------------------------------


Max Delay Paths
--------------------------------------------------------------------------------------
Slack:                    inf
  Source:                 sel[0]
                            (input port)
  Destination:            y3
                            (output port)
  Path Group:             (none)
  Path Type:              Max at Slow Process Corner
  Data Path Delay:        9.485ns  (logic 5.335ns (56.246%)  route 4.150ns (43.754%))
  Logic Levels:           3  (IBUF=1 LUT3=1 OBUF=1)

    Location             Delay type                Incr(ns)  Path(ns)    Netlist Resource(s)
  -------------------------------------------------------------------    -------------------
    L1                                                0.000     0.000 r  sel[0] (IN)
                         net (fo=0)                   0.000     0.000    sel[0]
    L1                   IBUF (Prop_ibuf_I_O)         1.449     1.449 r  sel_IBUF[0]_inst/O
                         net (fo=4, routed)           2.245     3.694    c/sel_IBUF[0]
    SLICE_X65Y79         LUT3 (Prop_lut3_I0_O)        0.152     3.846 r  c/y3_OBUF_inst_i_1/O
                         net (fo=1, routed)           1.905     5.751    y3_OBUF
    B3                   OBUF (Prop_obuf_I_O)         3.734     9.485 r  y3_OBUF_inst/O
                         net (fo=0)                   0.000     9.485    y3
    B3                                                                r  y3 (OUT)
  -------------------------------------------------------------------    -------------------

Slack:                    inf
  Source:                 sel[0]
                            (input port)
  Destination:            y0
                            (output port)
  Path Group:             (none)
  Path Type:              Max at Slow Process Corner
  Data Path Delay:        9.396ns  (logic 5.345ns (56.891%)  route 4.050ns (43.109%))
  Logic Levels:           3  (IBUF=1 LUT3=1 OBUF=1)

    Location             Delay type                Incr(ns)  Path(ns)    Netlist Resource(s)
  -------------------------------------------------------------------    -------------------
    L1                                                0.000     0.000 f  sel[0] (IN)
                         net (fo=0)                   0.000     0.000    sel[0]
    L1                   IBUF (Prop_ibuf_I_O)         1.449     1.449 f  sel_IBUF[0]_inst/O
                         net (fo=4, routed)           2.243     3.692    b/sel_IBUF[0]
    SLICE_X65Y79         LUT3 (Prop_lut3_I2_O)        0.152     3.844 r  b/y0_OBUF_inst_i_1/O
                         net (fo=1, routed)           1.807     5.651    y0_OBUF
    A4                   OBUF (Prop_obuf_I_O)         3.744     9.396 r  y0_OBUF_inst/O
                         net (fo=0)                   0.000     9.396    y0
    A4                                                                r  y0 (OUT)
  -------------------------------------------------------------------    -------------------

Slack:                    inf
  Source:                 sel[0]
                            (input port)
  Destination:            y1
                            (output port)
  Path Group:             (none)
  Path Type:              Max at Slow Process Corner
  Data Path Delay:        9.203ns  (logic 5.100ns (55.415%)  route 4.103ns (44.585%))
  Logic Levels:           3  (IBUF=1 LUT3=1 OBUF=1)

    Location             Delay type                Incr(ns)  Path(ns)    Netlist Resource(s)
  -------------------------------------------------------------------    -------------------
    L1                                                0.000     0.000 r  sel[0] (IN)
                         net (fo=0)                   0.000     0.000    sel[0]
    L1                   IBUF (Prop_ibuf_I_O)         1.449     1.449 r  sel_IBUF[0]_inst/O
                         net (fo=4, routed)           2.243     3.692    b/sel_IBUF[0]
    SLICE_X65Y79         LUT3 (Prop_lut3_I0_O)        0.124     3.816 r  b/y1_OBUF_inst_i_1/O
                         net (fo=1, routed)           1.860     5.676    y1_OBUF
    B4                   OBUF (Prop_obuf_I_O)         3.527     9.203 r  y1_OBUF_inst/O
                         net (fo=0)                   0.000     9.203    y1
    B4                                                                r  y1 (OUT)
  -------------------------------------------------------------------    -------------------

Slack:                    inf
  Source:                 sel[0]
                            (input port)
  Destination:            y2
                            (output port)
  Path Group:             (none)
  Path Type:              Max at Slow Process Corner
  Data Path Delay:        9.022ns  (logic 5.110ns (56.632%)  route 3.913ns (43.368%))
  Logic Levels:           3  (IBUF=1 LUT3=1 OBUF=1)

    Location             Delay type                Incr(ns)  Path(ns)    Netlist Resource(s)
  -------------------------------------------------------------------    -------------------
    L1                                                0.000     0.000 f  sel[0] (IN)
                         net (fo=0)                   0.000     0.000    sel[0]
    L1                   IBUF (Prop_ibuf_I_O)         1.449     1.449 f  sel_IBUF[0]_inst/O
                         net (fo=4, routed)           2.245     3.694    c/sel_IBUF[0]
    SLICE_X65Y79         LUT3 (Prop_lut3_I2_O)        0.124     3.818 r  c/y2_OBUF_inst_i_1/O
                         net (fo=1, routed)           1.668     5.486    y2_OBUF
    A3                   OBUF (Prop_obuf_I_O)         3.537     9.022 r  y2_OBUF_inst/O
                         net (fo=0)                   0.000     9.022    y2
    A3                                                                r  y2 (OUT)
  -------------------------------------------------------------------    -------------------





Min Delay Paths
--------------------------------------------------------------------------------------
Slack:                    inf
  Source:                 sel[1]
                            (input port)
  Destination:            y2
                            (output port)
  Path Group:             (none)
  Path Type:              Min at Fast Process Corner
  Data Path Delay:        2.708ns  (logic 1.508ns (55.687%)  route 1.200ns (44.313%))
  Logic Levels:           3  (IBUF=1 LUT3=1 OBUF=1)

    Location             Delay type                Incr(ns)  Path(ns)    Netlist Resource(s)
  -------------------------------------------------------------------    -------------------
    K2                                                0.000     0.000 r  sel[1] (IN)
                         net (fo=0)                   0.000     0.000    sel[1]
    K2                   IBUF (Prop_ibuf_I_O)         0.225     0.225 r  sel_IBUF[1]_inst/O
                         net (fo=4, routed)           0.863     1.089    c/sel_IBUF[1]
    SLICE_X65Y79         LUT3 (Prop_lut3_I1_O)        0.045     1.134 r  c/y2_OBUF_inst_i_1/O
                         net (fo=1, routed)           0.337     1.470    y2_OBUF
    A3                   OBUF (Prop_obuf_I_O)         1.238     2.708 r  y2_OBUF_inst/O
                         net (fo=0)                   0.000     2.708    y2
    A3                                                                r  y2 (OUT)
  -------------------------------------------------------------------    -------------------

Slack:                    inf
  Source:                 sel[1]
                            (input port)
  Destination:            y1
                            (output port)
  Path Group:             (none)
  Path Type:              Min at Fast Process Corner
  Data Path Delay:        2.776ns  (logic 1.498ns (53.983%)  route 1.277ns (46.017%))
  Logic Levels:           3  (IBUF=1 LUT3=1 OBUF=1)

    Location             Delay type                Incr(ns)  Path(ns)    Netlist Resource(s)
  -------------------------------------------------------------------    -------------------
    K2                                                0.000     0.000 f  sel[1] (IN)
                         net (fo=0)                   0.000     0.000    sel[1]
    K2                   IBUF (Prop_ibuf_I_O)         0.225     0.225 f  sel_IBUF[1]_inst/O
                         net (fo=4, routed)           0.863     1.089    b/sel_IBUF[1]
    SLICE_X65Y79         LUT3 (Prop_lut3_I1_O)        0.045     1.134 r  b/y1_OBUF_inst_i_1/O
                         net (fo=1, routed)           0.414     1.548    y1_OBUF
    B4                   OBUF (Prop_obuf_I_O)         1.228     2.776 r  y1_OBUF_inst/O
                         net (fo=0)                   0.000     2.776    y1
    B4                                                                r  y1 (OUT)
  -------------------------------------------------------------------    -------------------

Slack:                    inf
  Source:                 sel[1]
                            (input port)
  Destination:            y0
                            (output port)
  Path Group:             (none)
  Path Type:              Min at Fast Process Corner
  Data Path Delay:        2.835ns  (logic 1.576ns (55.610%)  route 1.258ns (44.390%))
  Logic Levels:           3  (IBUF=1 LUT3=1 OBUF=1)

    Location             Delay type                Incr(ns)  Path(ns)    Netlist Resource(s)
  -------------------------------------------------------------------    -------------------
    K2                                                0.000     0.000 f  sel[1] (IN)
                         net (fo=0)                   0.000     0.000    sel[1]
    K2                   IBUF (Prop_ibuf_I_O)         0.225     0.225 f  sel_IBUF[1]_inst/O
                         net (fo=4, routed)           0.863     1.089    b/sel_IBUF[1]
    SLICE_X65Y79         LUT3 (Prop_lut3_I0_O)        0.046     1.135 r  b/y0_OBUF_inst_i_1/O
                         net (fo=1, routed)           0.395     1.530    y0_OBUF
    A4                   OBUF (Prop_obuf_I_O)         1.305     2.835 r  y0_OBUF_inst/O
                         net (fo=0)                   0.000     2.835    y0
    A4                                                                r  y0 (OUT)
  -------------------------------------------------------------------    -------------------

Slack:                    inf
  Source:                 sel[1]
                            (input port)
  Destination:            y3
                            (output port)
  Path Group:             (none)
  Path Type:              Min at Fast Process Corner
  Data Path Delay:        2.847ns  (logic 1.565ns (54.959%)  route 1.282ns (45.041%))
  Logic Levels:           3  (IBUF=1 LUT3=1 OBUF=1)

    Location             Delay type                Incr(ns)  Path(ns)    Netlist Resource(s)
  -------------------------------------------------------------------    -------------------
    K2                                                0.000     0.000 r  sel[1] (IN)
                         net (fo=0)                   0.000     0.000    sel[1]
    K2                   IBUF (Prop_ibuf_I_O)         0.225     0.225 r  sel_IBUF[1]_inst/O
                         net (fo=4, routed)           0.863     1.089    c/sel_IBUF[1]
    SLICE_X65Y79         LUT3 (Prop_lut3_I2_O)        0.045     1.134 r  c/y3_OBUF_inst_i_1/O
                         net (fo=1, routed)           0.419     1.552    y3_OBUF
    B3                   OBUF (Prop_obuf_I_O)         1.294     2.847 r  y3_OBUF_inst/O
                         net (fo=0)                   0.000     2.847    y3
    B3                                                                r  y3 (OUT)
  -------------------------------------------------------------------    -------------------





