Copyright 1986-2022 Xilinx, Inc. All Rights Reserved. Copyright 2022-2025 Advanced Micro Devices, Inc. All Rights Reserved.
---------------------------------------------------------------------------------------------------------------------------------------------------------------------------------------------------------------------------------
| Tool Version : Vivado v.2025.1 (win64) Build 6140274 Thu May 22 00:12:29 MDT 2025
| Date         : Thu Jun 25 13:05:01 2026
| Host         : LAPTOP-9AHF2G73 running 64-bit major release  (build 9200)
| Command      : report_timing_summary -max_paths 10 -routable_nets -report_unconstrained -file SP_sync_timing_summary_routed.rpt -pb SP_sync_timing_summary_routed.pb -rpx SP_sync_timing_summary_routed.rpx -warn_on_violation
| Design       : SP_sync
| Device       : 7a35ti-cpg236
| Speed File   : -1L  PRODUCTION 1.23 2018-06-13
| Design State : Routed
---------------------------------------------------------------------------------------------------------------------------------------------------------------------------------------------------------------------------------

Timing Summary Report

------------------------------------------------------------------------------------------------
| Timer Settings
| --------------
------------------------------------------------------------------------------------------------

  Enable Multi Corner Analysis               :  Yes
  Enable Pessimism Removal                   :  Yes
  Pessimism Removal Resolution               :  Nearest Common Node
  Enable Input Delay Default Clock           :  No
  Enable Preset / Clear Arcs                 :  No
  Disable Flight Delays                      :  No
  Ignore I/O Paths                           :  No
  Timing Early Launch at Borrowing Latches   :  No
  Borrow Time for Max Delay Exceptions       :  Yes
  Merge Timing Exceptions                    :  Yes
  Inter-SLR Compensation                     :  Conservative

  Corner  Analyze    Analyze    
  Name    Max Paths  Min Paths  
  ------  ---------  ---------  
  Slow    Yes        Yes        
  Fast    Yes        Yes        


------------------------------------------------------------------------------------------------
| Report Methodology
| ------------------
------------------------------------------------------------------------------------------------

Rule       Severity          Description                  Violations  
---------  ----------------  ---------------------------  ----------  
TIMING-17  Critical Warning  Non-clocked sequential cell  16          

Note: This report is based on the most recent report_methodology run and may not be up-to-date. Run report_methodology on the current design for the latest report.



check_timing report

Table of Contents
-----------------
1. checking no_clock (16)
2. checking constant_clock (0)
3. checking pulse_width_clock (0)
4. checking unconstrained_internal_endpoints (64)
5. checking no_input_delay (14)
6. checking no_output_delay (8)
7. checking multiple_clock (0)
8. checking generated_clocks (0)
9. checking loops (0)
10. checking partial_input_delay (0)
11. checking partial_output_delay (0)
12. checking latch_loops (0)

1. checking no_clock (16)
-------------------------
 There are 16 register/latch pins with no clock driven by root clock pin: clk (HIGH)


2. checking constant_clock (0)
------------------------------
 There are 0 register/latch pins with constant_clock.


3. checking pulse_width_clock (0)
---------------------------------
 There are 0 register/latch pins which need pulse_width check


4. checking unconstrained_internal_endpoints (64)
-------------------------------------------------
 There are 64 pins that are not constrained for maximum delay. (HIGH)

 There are 0 pins that are not constrained for maximum delay due to constant clock.


5. checking no_input_delay (14)
-------------------------------
 There are 14 input ports with no input delay specified. (HIGH)

 There are 0 input ports with no input delay but user has a false path constraint.


6. checking no_output_delay (8)
-------------------------------
 There are 8 ports with no output delay specified. (HIGH)

 There are 0 ports with no output delay but user has a false path constraint

 There are 0 ports with no output delay but with a timing clock defined on it or propagating through it


7. checking multiple_clock (0)
------------------------------
 There are 0 register/latch pins with multiple clocks.


8. checking generated_clocks (0)
--------------------------------
 There are 0 generated clocks that are not connected to a clock source.


9. checking loops (0)
---------------------
 There are 0 combinational loops in the design.


10. checking partial_input_delay (0)
------------------------------------
 There are 0 input ports with partial input delay specified.


11. checking partial_output_delay (0)
-------------------------------------
 There are 0 ports with partial output delay specified.


12. checking latch_loops (0)
----------------------------
 There are 0 combinational latch loops in the design through latch input



------------------------------------------------------------------------------------------------
| Design Timing Summary
| ---------------------
------------------------------------------------------------------------------------------------

    WNS(ns)      TNS(ns)  TNS Failing Endpoints  TNS Total Endpoints      WHS(ns)      THS(ns)  THS Failing Endpoints  THS Total Endpoints     WPWS(ns)     TPWS(ns)  TPWS Failing Endpoints  TPWS Total Endpoints  
    -------      -------  ---------------------  -------------------      -------      -------  ---------------------  -------------------     --------     --------  ----------------------  --------------------  
        inf        0.000                      0                   72          inf        0.000                      0                   72           NA           NA                      NA                    NA  


There are no user specified timing constraints.


------------------------------------------------------------------------------------------------
| Clock Summary
| -------------
------------------------------------------------------------------------------------------------


------------------------------------------------------------------------------------------------
| Intra Clock Table
| -----------------
------------------------------------------------------------------------------------------------

Clock             WNS(ns)      TNS(ns)  TNS Failing Endpoints  TNS Total Endpoints      WHS(ns)      THS(ns)  THS Failing Endpoints  THS Total Endpoints     WPWS(ns)     TPWS(ns)  TPWS Failing Endpoints  TPWS Total Endpoints  
-----             -------      -------  ---------------------  -------------------      -------      -------  ---------------------  -------------------     --------     --------  ----------------------  --------------------  


------------------------------------------------------------------------------------------------
| Inter Clock Table
| -----------------
------------------------------------------------------------------------------------------------

From Clock    To Clock          WNS(ns)      TNS(ns)  TNS Failing Endpoints  TNS Total Endpoints      WHS(ns)      THS(ns)  THS Failing Endpoints  THS Total Endpoints  
----------    --------          -------      -------  ---------------------  -------------------      -------      -------  ---------------------  -------------------  


------------------------------------------------------------------------------------------------
| Other Path Groups Table
| -----------------------
------------------------------------------------------------------------------------------------

Path Group    From Clock    To Clock          WNS(ns)      TNS(ns)  TNS Failing Endpoints  TNS Total Endpoints      WHS(ns)      THS(ns)  THS Failing Endpoints  THS Total Endpoints  
----------    ----------    --------          -------      -------  ---------------------  -------------------      -------      -------  ---------------------  -------------------  


------------------------------------------------------------------------------------------------
| User Ignored Path Table
| -----------------------
------------------------------------------------------------------------------------------------

Path Group    From Clock    To Clock    
----------    ----------    --------    


------------------------------------------------------------------------------------------------
| Unconstrained Path Table
| ------------------------
------------------------------------------------------------------------------------------------

Path Group    From Clock    To Clock    
----------    ----------    --------    
(none)                                    


------------------------------------------------------------------------------------------------
| Timing Details
| --------------
------------------------------------------------------------------------------------------------


--------------------------------------------------------------------------------------
Path Group:  (none)
From Clock:  
  To Clock:  

Max Delay            72 Endpoints
Min Delay            72 Endpoints
--------------------------------------------------------------------------------------


Max Delay Paths
--------------------------------------------------------------------------------------
Slack:                    inf
  Source:                 dout_reg[0]/C
                            (rising edge-triggered cell FDRE)
  Destination:            dout[0]
                            (output port)
  Path Group:             (none)
  Path Type:              Max at Slow Process Corner
  Data Path Delay:        7.847ns  (logic 4.022ns (51.258%)  route 3.825ns (48.742%))
  Logic Levels:           2  (FDRE=1 OBUF=1)

    Location             Delay type                Incr(ns)  Path(ns)    Netlist Resource(s)
  -------------------------------------------------------------------    -------------------
    SLICE_X64Y37         FDRE                         0.000     0.000 r  dout_reg[0]/C
    SLICE_X64Y37         FDRE (Prop_fdre_C_Q)         0.518     0.518 r  dout_reg[0]/Q
                         net (fo=1, routed)           3.825     4.343    dout_OBUF[0]
    V13                  OBUF (Prop_obuf_I_O)         3.504     7.847 r  dout_OBUF[0]_inst/O
                         net (fo=0)                   0.000     7.847    dout[0]
    V13                                                               r  dout[0] (OUT)
  -------------------------------------------------------------------    -------------------

Slack:                    inf
  Source:                 dout_reg[7]/C
                            (rising edge-triggered cell FDRE)
  Destination:            dout[7]
                            (output port)
  Path Group:             (none)
  Path Type:              Max at Slow Process Corner
  Data Path Delay:        7.280ns  (logic 4.039ns (55.489%)  route 3.240ns (44.511%))
  Logic Levels:           2  (FDRE=1 OBUF=1)

    Location             Delay type                Incr(ns)  Path(ns)    Netlist Resource(s)
  -------------------------------------------------------------------    -------------------
    SLICE_X64Y43         FDRE                         0.000     0.000 r  dout_reg[7]/C
    SLICE_X64Y43         FDRE (Prop_fdre_C_Q)         0.518     0.518 r  dout_reg[7]/Q
                         net (fo=1, routed)           3.240     3.758    dout_OBUF[7]
    L1                   OBUF (Prop_obuf_I_O)         3.521     7.280 r  dout_OBUF[7]_inst/O
                         net (fo=0)                   0.000     7.280    dout[7]
    L1                                                                r  dout[7] (OUT)
  -------------------------------------------------------------------    -------------------

Slack:                    inf
  Source:                 dout_reg[5]/C
                            (rising edge-triggered cell FDRE)
  Destination:            dout[5]
                            (output port)
  Path Group:             (none)
  Path Type:              Max at Slow Process Corner
  Data Path Delay:        6.666ns  (logic 4.025ns (60.384%)  route 2.641ns (39.616%))
  Logic Levels:           2  (FDRE=1 OBUF=1)

    Location             Delay type                Incr(ns)  Path(ns)    Netlist Resource(s)
  -------------------------------------------------------------------    -------------------
    SLICE_X64Y43         FDRE                         0.000     0.000 r  dout_reg[5]/C
    SLICE_X64Y43         FDRE (Prop_fdre_C_Q)         0.518     0.518 r  dout_reg[5]/Q
                         net (fo=1, routed)           2.641     3.159    dout_OBUF[5]
    N3                   OBUF (Prop_obuf_I_O)         3.507     6.666 r  dout_OBUF[5]_inst/O
                         net (fo=0)                   0.000     6.666    dout[5]
    N3                                                                r  dout[5] (OUT)
  -------------------------------------------------------------------    -------------------

Slack:                    inf
  Source:                 dout_reg[4]/C
                            (rising edge-triggered cell FDRE)
  Destination:            dout[4]
                            (output port)
  Path Group:             (none)
  Path Type:              Max at Slow Process Corner
  Data Path Delay:        6.642ns  (logic 4.036ns (60.765%)  route 2.606ns (39.235%))
  Logic Levels:           2  (FDRE=1 OBUF=1)

    Location             Delay type                Incr(ns)  Path(ns)    Netlist Resource(s)
  -------------------------------------------------------------------    -------------------
    SLICE_X64Y43         FDRE                         0.000     0.000 r  dout_reg[4]/C
    SLICE_X64Y43         FDRE (Prop_fdre_C_Q)         0.518     0.518 r  dout_reg[4]/Q
                         net (fo=1, routed)           2.606     3.124    dout_OBUF[4]
    P3                   OBUF (Prop_obuf_I_O)         3.518     6.642 r  dout_OBUF[4]_inst/O
                         net (fo=0)                   0.000     6.642    dout[4]
    P3                                                                r  dout[4] (OUT)
  -------------------------------------------------------------------    -------------------

Slack:                    inf
  Source:                 dout_reg[6]/C
                            (rising edge-triggered cell FDRE)
  Destination:            dout[6]
                            (output port)
  Path Group:             (none)
  Path Type:              Max at Slow Process Corner
  Data Path Delay:        6.148ns  (logic 4.033ns (65.603%)  route 2.115ns (34.397%))
  Logic Levels:           2  (FDRE=1 OBUF=1)

    Location             Delay type                Incr(ns)  Path(ns)    Netlist Resource(s)
  -------------------------------------------------------------------    -------------------
    SLICE_X64Y43         FDRE                         0.000     0.000 r  dout_reg[6]/C
    SLICE_X64Y43         FDRE (Prop_fdre_C_Q)         0.518     0.518 r  dout_reg[6]/Q
                         net (fo=1, routed)           2.115     2.633    dout_OBUF[6]
    P1                   OBUF (Prop_obuf_I_O)         3.515     6.148 r  dout_OBUF[6]_inst/O
                         net (fo=0)                   0.000     6.148    dout[6]
    P1                                                                r  dout[6] (OUT)
  -------------------------------------------------------------------    -------------------

Slack:                    inf
  Source:                 dout_reg[3]/C
                            (rising edge-triggered cell FDRE)
  Destination:            dout[3]
                            (output port)
  Path Group:             (none)
  Path Type:              Max at Slow Process Corner
  Data Path Delay:        5.927ns  (logic 4.022ns (67.858%)  route 1.905ns (32.142%))
  Logic Levels:           2  (FDRE=1 OBUF=1)

    Location             Delay type                Incr(ns)  Path(ns)    Netlist Resource(s)
  -------------------------------------------------------------------    -------------------
    SLICE_X64Y37         FDRE                         0.000     0.000 r  dout_reg[3]/C
    SLICE_X64Y37         FDRE (Prop_fdre_C_Q)         0.518     0.518 r  dout_reg[3]/Q
                         net (fo=1, routed)           1.905     2.423    dout_OBUF[3]
    U3                   OBUF (Prop_obuf_I_O)         3.504     5.927 r  dout_OBUF[3]_inst/O
                         net (fo=0)                   0.000     5.927    dout[3]
    U3                                                                r  dout[3] (OUT)
  -------------------------------------------------------------------    -------------------

Slack:                    inf
  Source:                 dout_reg[1]/C
                            (rising edge-triggered cell FDRE)
  Destination:            dout[1]
                            (output port)
  Path Group:             (none)
  Path Type:              Max at Slow Process Corner
  Data Path Delay:        5.699ns  (logic 4.026ns (70.645%)  route 1.673ns (29.355%))
  Logic Levels:           2  (FDRE=1 OBUF=1)

    Location             Delay type                Incr(ns)  Path(ns)    Netlist Resource(s)
  -------------------------------------------------------------------    -------------------
    SLICE_X64Y37         FDRE                         0.000     0.000 r  dout_reg[1]/C
    SLICE_X64Y37         FDRE (Prop_fdre_C_Q)         0.518     0.518 r  dout_reg[1]/Q
                         net (fo=1, routed)           1.673     2.191    dout_OBUF[1]
    V3                   OBUF (Prop_obuf_I_O)         3.508     5.699 r  dout_OBUF[1]_inst/O
                         net (fo=0)                   0.000     5.699    dout[1]
    V3                                                                r  dout[1] (OUT)
  -------------------------------------------------------------------    -------------------

Slack:                    inf
  Source:                 dout_reg[2]/C
                            (rising edge-triggered cell FDRE)
  Destination:            dout[2]
                            (output port)
  Path Group:             (none)
  Path Type:              Max at Slow Process Corner
  Data Path Delay:        5.569ns  (logic 4.043ns (72.606%)  route 1.526ns (27.394%))
  Logic Levels:           2  (FDRE=1 OBUF=1)

    Location             Delay type                Incr(ns)  Path(ns)    Netlist Resource(s)
  -------------------------------------------------------------------    -------------------
    SLICE_X64Y37         FDRE                         0.000     0.000 r  dout_reg[2]/C
    SLICE_X64Y37         FDRE (Prop_fdre_C_Q)         0.518     0.518 r  dout_reg[2]/Q
                         net (fo=1, routed)           1.526     2.044    dout_OBUF[2]
    W3                   OBUF (Prop_obuf_I_O)         3.525     5.569 r  dout_OBUF[2]_inst/O
                         net (fo=0)                   0.000     5.569    dout[2]
    W3                                                                r  dout[2] (OUT)
  -------------------------------------------------------------------    -------------------

Slack:                    inf
  Source:                 din[4]
                            (input port)
  Destination:            mem_reg_0_15_4_4/SP/I
  Path Group:             (none)
  Path Type:              Max at Slow Process Corner
  Data Path Delay:        5.381ns  (logic 1.450ns (26.944%)  route 3.931ns (73.056%))
  Logic Levels:           1  (IBUF=1)

    Location             Delay type                Incr(ns)  Path(ns)    Netlist Resource(s)
  -------------------------------------------------------------------    -------------------
    W14                                               0.000     0.000 r  din[4] (IN)
                         net (fo=0)                   0.000     0.000    din[4]
    W14                  IBUF (Prop_ibuf_I_O)         1.450     1.450 r  din_IBUF[4]_inst/O
                         net (fo=1, routed)           3.931     5.381    mem_reg_0_15_4_4/D
    SLICE_X64Y43         RAMS32                                       r  mem_reg_0_15_4_4/SP/I
  -------------------------------------------------------------------    -------------------

Slack:                    inf
  Source:                 din[2]
                            (input port)
  Destination:            mem_reg_0_15_2_2/SP/I
  Path Group:             (none)
  Path Type:              Max at Slow Process Corner
  Data Path Delay:        5.325ns  (logic 1.451ns (27.246%)  route 3.874ns (72.754%))
  Logic Levels:           1  (IBUF=1)

    Location             Delay type                Incr(ns)  Path(ns)    Netlist Resource(s)
  -------------------------------------------------------------------    -------------------
    W15                                               0.000     0.000 r  din[2] (IN)
                         net (fo=0)                   0.000     0.000    din[2]
    W15                  IBUF (Prop_ibuf_I_O)         1.451     1.451 r  din_IBUF[2]_inst/O
                         net (fo=1, routed)           3.874     5.325    mem_reg_0_15_2_2/D
    SLICE_X64Y37         RAMS32                                       r  mem_reg_0_15_2_2/SP/I
  -------------------------------------------------------------------    -------------------





Min Delay Paths
--------------------------------------------------------------------------------------
Slack:                    inf
  Source:                 mem_reg_0_15_3_3/SP/CLK
                            (rising edge-triggered cell RAMS32)
  Destination:            dout_reg[3]/D
  Path Group:             (none)
  Path Type:              Min at Fast Process Corner
  Data Path Delay:        0.386ns  (logic 0.386ns (100.000%)  route 0.000ns (0.000%))
  Logic Levels:           1  (RAMS32=1)

    Location             Delay type                Incr(ns)  Path(ns)    Netlist Resource(s)
  -------------------------------------------------------------------    -------------------
    SLICE_X64Y37         RAMS32                       0.000     0.000 r  mem_reg_0_15_3_3/SP/CLK
    SLICE_X64Y37         RAMS32 (Prop_rams32_CLK_O)
                                                      0.386     0.386 r  mem_reg_0_15_3_3/SP/O
                         net (fo=1, routed)           0.000     0.386    dout0[3]
    SLICE_X64Y37         FDRE                                         r  dout_reg[3]/D
  -------------------------------------------------------------------    -------------------

Slack:                    inf
  Source:                 mem_reg_0_15_7_7/SP/CLK
                            (rising edge-triggered cell RAMS32)
  Destination:            dout_reg[7]/D
  Path Group:             (none)
  Path Type:              Min at Fast Process Corner
  Data Path Delay:        0.386ns  (logic 0.386ns (100.000%)  route 0.000ns (0.000%))
  Logic Levels:           1  (RAMS32=1)

    Location             Delay type                Incr(ns)  Path(ns)    Netlist Resource(s)
  -------------------------------------------------------------------    -------------------
    SLICE_X64Y43         RAMS32                       0.000     0.000 r  mem_reg_0_15_7_7/SP/CLK
    SLICE_X64Y43         RAMS32 (Prop_rams32_CLK_O)
                                                      0.386     0.386 r  mem_reg_0_15_7_7/SP/O
                         net (fo=1, routed)           0.000     0.386    dout0[7]
    SLICE_X64Y43         FDRE                                         r  dout_reg[7]/D
  -------------------------------------------------------------------    -------------------

Slack:                    inf
  Source:                 mem_reg_0_15_2_2/SP/CLK
                            (rising edge-triggered cell RAMS32)
  Destination:            dout_reg[2]/D
  Path Group:             (none)
  Path Type:              Min at Fast Process Corner
  Data Path Delay:        0.388ns  (logic 0.388ns (100.000%)  route 0.000ns (0.000%))
  Logic Levels:           1  (RAMS32=1)

    Location             Delay type                Incr(ns)  Path(ns)    Netlist Resource(s)
  -------------------------------------------------------------------    -------------------
    SLICE_X64Y37         RAMS32                       0.000     0.000 r  mem_reg_0_15_2_2/SP/CLK
    SLICE_X64Y37         RAMS32 (Prop_rams32_CLK_O)
                                                      0.388     0.388 r  mem_reg_0_15_2_2/SP/O
                         net (fo=1, routed)           0.000     0.388    dout0[2]
    SLICE_X64Y37         FDRE                                         r  dout_reg[2]/D
  -------------------------------------------------------------------    -------------------

Slack:                    inf
  Source:                 mem_reg_0_15_6_6/SP/CLK
                            (rising edge-triggered cell RAMS32)
  Destination:            dout_reg[6]/D
  Path Group:             (none)
  Path Type:              Min at Fast Process Corner
  Data Path Delay:        0.388ns  (logic 0.388ns (100.000%)  route 0.000ns (0.000%))
  Logic Levels:           1  (RAMS32=1)

    Location             Delay type                Incr(ns)  Path(ns)    Netlist Resource(s)
  -------------------------------------------------------------------    -------------------
    SLICE_X64Y43         RAMS32                       0.000     0.000 r  mem_reg_0_15_6_6/SP/CLK
    SLICE_X64Y43         RAMS32 (Prop_rams32_CLK_O)
                                                      0.388     0.388 r  mem_reg_0_15_6_6/SP/O
                         net (fo=1, routed)           0.000     0.388    dout0[6]
    SLICE_X64Y43         FDRE                                         r  dout_reg[6]/D
  -------------------------------------------------------------------    -------------------

Slack:                    inf
  Source:                 mem_reg_0_15_0_0/SP/CLK
                            (rising edge-triggered cell RAMS32)
  Destination:            dout_reg[0]/D
  Path Group:             (none)
  Path Type:              Min at Fast Process Corner
  Data Path Delay:        0.393ns  (logic 0.393ns (100.000%)  route 0.000ns (0.000%))
  Logic Levels:           1  (RAMS32=1)

    Location             Delay type                Incr(ns)  Path(ns)    Netlist Resource(s)
  -------------------------------------------------------------------    -------------------
    SLICE_X64Y37         RAMS32                       0.000     0.000 r  mem_reg_0_15_0_0/SP/CLK
    SLICE_X64Y37         RAMS32 (Prop_rams32_CLK_O)
                                                      0.393     0.393 r  mem_reg_0_15_0_0/SP/O
                         net (fo=1, routed)           0.000     0.393    dout0[0]
    SLICE_X64Y37         FDRE                                         r  dout_reg[0]/D
  -------------------------------------------------------------------    -------------------

Slack:                    inf
  Source:                 mem_reg_0_15_4_4/SP/CLK
                            (rising edge-triggered cell RAMS32)
  Destination:            dout_reg[4]/D
  Path Group:             (none)
  Path Type:              Min at Fast Process Corner
  Data Path Delay:        0.393ns  (logic 0.393ns (100.000%)  route 0.000ns (0.000%))
  Logic Levels:           1  (RAMS32=1)

    Location             Delay type                Incr(ns)  Path(ns)    Netlist Resource(s)
  -------------------------------------------------------------------    -------------------
    SLICE_X64Y43         RAMS32                       0.000     0.000 r  mem_reg_0_15_4_4/SP/CLK
    SLICE_X64Y43         RAMS32 (Prop_rams32_CLK_O)
                                                      0.393     0.393 r  mem_reg_0_15_4_4/SP/O
                         net (fo=1, routed)           0.000     0.393    dout0[4]
    SLICE_X64Y43         FDRE                                         r  dout_reg[4]/D
  -------------------------------------------------------------------    -------------------

Slack:                    inf
  Source:                 mem_reg_0_15_1_1/SP/CLK
                            (rising edge-triggered cell RAMS32)
  Destination:            dout_reg[1]/D
  Path Group:             (none)
  Path Type:              Min at Fast Process Corner
  Data Path Delay:        0.478ns  (logic 0.478ns (100.000%)  route 0.000ns (0.000%))
  Logic Levels:           1  (RAMS32=1)

    Location             Delay type                Incr(ns)  Path(ns)    Netlist Resource(s)
  -------------------------------------------------------------------    -------------------
    SLICE_X64Y37         RAMS32                       0.000     0.000 r  mem_reg_0_15_1_1/SP/CLK
    SLICE_X64Y37         RAMS32 (Prop_rams32_CLK_O)
                                                      0.478     0.478 r  mem_reg_0_15_1_1/SP/O
                         net (fo=1, routed)           0.000     0.478    dout0[1]
    SLICE_X64Y37         FDRE                                         r  dout_reg[1]/D
  -------------------------------------------------------------------    -------------------

Slack:                    inf
  Source:                 mem_reg_0_15_5_5/SP/CLK
                            (rising edge-triggered cell RAMS32)
  Destination:            dout_reg[5]/D
  Path Group:             (none)
  Path Type:              Min at Fast Process Corner
  Data Path Delay:        0.478ns  (logic 0.478ns (100.000%)  route 0.000ns (0.000%))
  Logic Levels:           1  (RAMS32=1)

    Location             Delay type                Incr(ns)  Path(ns)    Netlist Resource(s)
  -------------------------------------------------------------------    -------------------
    SLICE_X64Y43         RAMS32                       0.000     0.000 r  mem_reg_0_15_5_5/SP/CLK
    SLICE_X64Y43         RAMS32 (Prop_rams32_CLK_O)
                                                      0.478     0.478 r  mem_reg_0_15_5_5/SP/O
                         net (fo=1, routed)           0.000     0.478    dout0[5]
    SLICE_X64Y43         FDRE                                         r  dout_reg[5]/D
  -------------------------------------------------------------------    -------------------

Slack:                    inf
  Source:                 din[6]
                            (input port)
  Destination:            mem_reg_0_15_6_6/SP/I
  Path Group:             (none)
  Path Type:              Min at Fast Process Corner
  Data Path Delay:        0.593ns  (logic 0.223ns (37.514%)  route 0.371ns (62.486%))
  Logic Levels:           1  (IBUF=1)

    Location             Delay type                Incr(ns)  Path(ns)    Netlist Resource(s)
  -------------------------------------------------------------------    -------------------
    V2                                                0.000     0.000 r  din[6] (IN)
                         net (fo=0)                   0.000     0.000    din[6]
    V2                   IBUF (Prop_ibuf_I_O)         0.223     0.223 r  din_IBUF[6]_inst/O
                         net (fo=1, routed)           0.371     0.593    mem_reg_0_15_6_6/D
    SLICE_X64Y43         RAMS32                                       r  mem_reg_0_15_6_6/SP/I
  -------------------------------------------------------------------    -------------------

Slack:                    inf
  Source:                 din[7]
                            (input port)
  Destination:            mem_reg_0_15_7_7/SP/I
  Path Group:             (none)
  Path Type:              Min at Fast Process Corner
  Data Path Delay:        0.629ns  (logic 0.220ns (35.015%)  route 0.409ns (64.985%))
  Logic Levels:           1  (IBUF=1)

    Location             Delay type                Incr(ns)  Path(ns)    Netlist Resource(s)
  -------------------------------------------------------------------    -------------------
    T3                                                0.000     0.000 r  din[7] (IN)
                         net (fo=0)                   0.000     0.000    din[7]
    T3                   IBUF (Prop_ibuf_I_O)         0.220     0.220 r  din_IBUF[7]_inst/O
                         net (fo=1, routed)           0.409     0.629    mem_reg_0_15_7_7/D
    SLICE_X64Y43         RAMS32                                       r  mem_reg_0_15_7_7/SP/I
  -------------------------------------------------------------------    -------------------





